c:\users\ilike\desktop\c++ stuff\ag3-vs2c\ag3\tg3\x64\debug\tg3.pch
c:\users\ilike\desktop\c++ stuff\ag3-vs2c\ag3\tg3\x64\debug\vc143.pdb
c:\users\ilike\desktop\c++ stuff\ag3-vs2c\ag3\tg3\x64\debug\pch.obj
c:\users\ilike\desktop\c++ stuff\ag3-vs2c\ag3\tg3\x64\debug\tg3.obj
c:\users\ilike\desktop\c++ stuff\ag3-vs2c\ag3\ag3\x64\debug\clang_rt.asan_dynamic-x86_64.dll
c:\users\ilike\desktop\c++ stuff\ag3-vs2c\ag3\ag3\x64\debug\tg3.pdb
c:\users\ilike\desktop\c++ stuff\ag3-vs2c\ag3\tg3\x64\debug\tg3.tlog\cl.command.1.tlog
c:\users\ilike\desktop\c++ stuff\ag3-vs2c\ag3\tg3\x64\debug\tg3.tlog\cl.read.1.tlog
c:\users\ilike\desktop\c++ stuff\ag3-vs2c\ag3\tg3\x64\debug\tg3.tlog\cl.write.1.tlog
c:\users\ilike\desktop\c++ stuff\ag3-vs2c\ag3\tg3\x64\debug\tg3.tlog\copyfile.command.1.tlog
c:\users\ilike\desktop\c++ stuff\ag3-vs2c\ag3\tg3\x64\debug\tg3.tlog\copyfile.read.1.tlog
c:\users\ilike\desktop\c++ stuff\ag3-vs2c\ag3\tg3\x64\debug\tg3.tlog\copyfile.write.1.tlog
c:\users\ilike\desktop\c++ stuff\ag3-vs2c\ag3\tg3\x64\debug\tg3.tlog\link.17716-cvtres.read.1.tlog
c:\users\ilike\desktop\c++ stuff\ag3-vs2c\ag3\tg3\x64\debug\tg3.tlog\link.17716-cvtres.write.1.tlog
c:\users\ilike\desktop\c++ stuff\ag3-vs2c\ag3\tg3\x64\debug\tg3.tlog\link.17716-rc.read.1.tlog
c:\users\ilike\desktop\c++ stuff\ag3-vs2c\ag3\tg3\x64\debug\tg3.tlog\link.17716-rc.write.1.tlog
c:\users\ilike\desktop\c++ stuff\ag3-vs2c\ag3\tg3\x64\debug\tg3.tlog\link.17716.read.1.tlog
c:\users\ilike\desktop\c++ stuff\ag3-vs2c\ag3\tg3\x64\debug\tg3.tlog\link.17716.read.2.tlog
c:\users\ilike\desktop\c++ stuff\ag3-vs2c\ag3\tg3\x64\debug\tg3.tlog\link.17716.read.3.tlog
c:\users\ilike\desktop\c++ stuff\ag3-vs2c\ag3\tg3\x64\debug\tg3.tlog\link.17716.read.4.tlog
c:\users\ilike\desktop\c++ stuff\ag3-vs2c\ag3\tg3\x64\debug\tg3.tlog\link.17716.write.1.tlog
c:\users\ilike\desktop\c++ stuff\ag3-vs2c\ag3\tg3\x64\debug\tg3.tlog\link.21680-cvtres.read.1.tlog
c:\users\ilike\desktop\c++ stuff\ag3-vs2c\ag3\tg3\x64\debug\tg3.tlog\link.21680-cvtres.write.1.tlog
c:\users\ilike\desktop\c++ stuff\ag3-vs2c\ag3\tg3\x64\debug\tg3.tlog\link.21680-rc.read.1.tlog
c:\users\ilike\desktop\c++ stuff\ag3-vs2c\ag3\tg3\x64\debug\tg3.tlog\link.21680-rc.write.1.tlog
c:\users\ilike\desktop\c++ stuff\ag3-vs2c\ag3\tg3\x64\debug\tg3.tlog\link.21680.read.1.tlog
c:\users\ilike\desktop\c++ stuff\ag3-vs2c\ag3\tg3\x64\debug\tg3.tlog\link.21680.read.2.tlog
c:\users\ilike\desktop\c++ stuff\ag3-vs2c\ag3\tg3\x64\debug\tg3.tlog\link.21680.read.3.tlog
c:\users\ilike\desktop\c++ stuff\ag3-vs2c\ag3\tg3\x64\debug\tg3.tlog\link.21680.read.4.tlog
c:\users\ilike\desktop\c++ stuff\ag3-vs2c\ag3\tg3\x64\debug\tg3.tlog\link.21680.write.1.tlog
c:\users\ilike\desktop\c++ stuff\ag3-vs2c\ag3\tg3\x64\debug\tg3.tlog\link.25624-cvtres.read.1.tlog
c:\users\ilike\desktop\c++ stuff\ag3-vs2c\ag3\tg3\x64\debug\tg3.tlog\link.25624-cvtres.write.1.tlog
c:\users\ilike\desktop\c++ stuff\ag3-vs2c\ag3\tg3\x64\debug\tg3.tlog\link.25624-rc.read.1.tlog
c:\users\ilike\desktop\c++ stuff\ag3-vs2c\ag3\tg3\x64\debug\tg3.tlog\link.25624-rc.write.1.tlog
c:\users\ilike\desktop\c++ stuff\ag3-vs2c\ag3\tg3\x64\debug\tg3.tlog\link.25624.read.1.tlog
c:\users\ilike\desktop\c++ stuff\ag3-vs2c\ag3\tg3\x64\debug\tg3.tlog\link.25624.read.2.tlog
c:\users\ilike\desktop\c++ stuff\ag3-vs2c\ag3\tg3\x64\debug\tg3.tlog\link.25624.write.1.tlog
c:\users\ilike\desktop\c++ stuff\ag3-vs2c\ag3\tg3\x64\debug\tg3.tlog\link.command.1.tlog
c:\users\ilike\desktop\c++ stuff\ag3-vs2c\ag3\tg3\x64\debug\tg3.tlog\link.read.1.tlog
c:\users\ilike\desktop\c++ stuff\ag3-vs2c\ag3\tg3\x64\debug\tg3.tlog\link.read.2.tlog
c:\users\ilike\desktop\c++ stuff\ag3-vs2c\ag3\tg3\x64\debug\tg3.tlog\link.read.3.tlog
c:\users\ilike\desktop\c++ stuff\ag3-vs2c\ag3\tg3\x64\debug\tg3.tlog\link.read.4.tlog
c:\users\ilike\desktop\c++ stuff\ag3-vs2c\ag3\tg3\x64\debug\tg3.tlog\link.write.1.tlog
